🔥 SERVER ERROR STACK: SyntaxError: Expected property name or '}' in JSON at position 1 (line 1 column 2)
    at JSON.parse (<anonymous>)
    at parse (D:\Chruch_web\server\node_modules\body-parser\lib\types\json.js:92:19)
    at D:\Chruch_web\server\node_modules\body-parser\lib\read.js:128:18
    at AsyncResource.runInAsyncScope (node:async_hooks:227:14)
    at invokeCallback (D:\Chruch_web\server\node_modules\raw-body\index.js:238:16)
    at done (D:\Chruch_web\server\node_modules\raw-body\index.js:227:7)
    at IncomingMessage.onEnd (D:\Chruch_web\server\node_modules\raw-body\index.js:287:7)
    at IncomingMessage.emit (node:events:509:28)
    at endReadableNT (node:internal/streams/readable:1729:12)
    at process.processTicksAndRejections (node:internal/process/task_queues:90:21)
🔥 SERVER ERROR STACK: Error: Only images (JPG, PNG, WEBP) or videos (MP4, MOV) allowed
    at fileFilter (file:///D:/Chruch_web/server/middleware/upload.js:21:7)
    at wrappedFileFilter (D:\Chruch_web\server\node_modules\multer\index.js:45:7)
    at Multipart.<anonymous> (D:\Chruch_web\server\node_modules\multer\lib\make-middleware.js:193:7)
    at Multipart.emit (node:events:509:28)
    at HeaderParser.cb (D:\Chruch_web\server\node_modules\busboy\lib\types\multipart.js:358:14)
    at HeaderParser.push (D:\Chruch_web\server\node_modules\busboy\lib\types\multipart.js:162:20)
    at SBMH.ssCb [as _cb] (D:\Chruch_web\server\node_modules\busboy\lib\types\multipart.js:394:37)
    at feed (D:\Chruch_web\server\node_modules\streamsearch\lib\sbmh.js:248:10)
    at SBMH.push (D:\Chruch_web\server\node_modules\streamsearch\lib\sbmh.js:104:16)
    at Multipart._write (D:\Chruch_web\server\node_modules\busboy\lib\types\multipart.js:567:19)
